******************************************************************************
                  TI ARM Linker Unix v18.12.4                  
******************************************************************************
>> Linked Sat Mar 14 17:06:48 2020

OUTPUT FILE NAME:   <LED_MATRIX.out>
ENTRY POINT SYMBOL: "_c_int00_noargs"  address: 00001285


MEMORY CONFIGURATION

         name            origin    length      used     unused   attr    fill
----------------------  --------  ---------  --------  --------  ----  --------
  FLASH                 00000000   00040000  000012fc  0003ed04  R  X
  SRAM                  20000000   00008000  00000201  00007dff  RW X


SEGMENT ALLOCATION MAP

run origin  load origin   length   init length attrs members
----------  ----------- ---------- ----------- ----- -------
00000000    00000000    000012fc   000012fc    r-x
  00000000    00000000    0000026c   0000026c    r-- .intvecs
  0000026c    0000026c    0000107c   0000107c    r-x .text
  000012e8    000012e8    00000014   00000014    r-- .cinit
20000000    20000000    00000201   00000000    rw-
  20000000    20000000    00000200   00000000    rw- .stack
  20000200    20000200    00000001   00000000    rw- .bss


SECTION ALLOCATION MAP

 output                                  attributes/
section   page    origin      length       input sections
--------  ----  ----------  ----------   ----------------
.intvecs   0    00000000    0000026c     
                  00000000    0000026c     tm4c123gh6pm_startup_ccs.obj (.intvecs)

.text      0    0000026c    0000107c     
                  0000026c    00000b34     names.obj (.text)
                  00000da0    00000218     RTOSCheckCode.obj (.text)
                  00000fb8    00000158     LEDinit.obj (.text)
                  00001110    00000130     uart0.obj (.text)
                  00001240    00000044     rtsv7M4_T_le_v4SPD16_eabi.lib : autoinit.c.obj (.text:__TI_auto_init_nobinit_nopinit:__TI_auto_init_nobinit_nopinit)
                  00001284    00000034                                   : boot_cortex_m.c.obj (.text:_c_int00_noargs:_c_int00_noargs)
                  000012b8    0000001c                                   : copy_zero_init.c.obj (.text:decompress:ZI:__TI_zero_init_nomemset:__TI_zero_init_nomemset)
                  000012d4    0000000c     tm4c123gh6pm_startup_ccs.obj (.text)
                  000012e0    00000004     rtsv7M4_T_le_v4SPD16_eabi.lib : pre_init.c.obj (.text:_system_pre_init)
                  000012e4    00000004                                   : exit.c.obj (.text:abort:abort)

.cinit     0    000012e8    00000014     
                  000012e8    00000008     (.cinit..bss.load) [load image, compression = zero_init]
                  000012f0    00000004     (__TI_handler_table)
                  000012f4    00000008     (__TI_cinit_table)

.init_array 
*          0    00000000    00000000     UNINITIALIZED

.bss       0    20000200    00000001     UNINITIALIZED
                  20000200    00000001     (.common:checking)

.stack     0    20000000    00000200     UNINITIALIZED
                  20000000    00000004     rtsv7M4_T_le_v4SPD16_eabi.lib : boot_cortex_m.c.obj (.stack)
                  20000004    000001fc     --HOLE--

MODULE SUMMARY

       Module                         code   ro data   rw data
       ------                         ----   -------   -------
    ./
       names.obj                      2868   0         0      
       tm4c123gh6pm_startup_ccs.obj   12     620       0      
       RTOSCheckCode.obj              536    0         1      
       LEDinit.obj                    344    0         0      
       uart0.obj                      304    0         0      
    +--+------------------------------+------+---------+---------+
       Total:                         4064   620       1      
                                                              
    /Applications/ti/ccs930/ccs/tools/compiler/ti-cgt-arm_18.12.4.LTS/lib/rtsv7M4_T_le_v4SPD16_eabi.lib
       autoinit.c.obj                 68     0         0      
       boot_cortex_m.c.obj            52     0         0      
       copy_zero_init.c.obj           28     0         0      
       exit.c.obj                     4      0         0      
       pre_init.c.obj                 4      0         0      
    +--+------------------------------+------+---------+---------+
       Total:                         156    0         0      
                                                              
       Stack:                         0      0         512    
       Linker Generated:              0      20        0      
    +--+------------------------------+------+---------+---------+
       Grand Total:                   4220   640       513    


LINKER GENERATED COPY TABLES

__TI_cinit_table @ 000012f4 records: 1, size/record: 8, table size: 8
	.bss: load addr=000012e8, load size=00000008 bytes, run addr=20000200, run size=00000001 bytes, compression=zero_init


LINKER GENERATED HANDLER TABLE

__TI_handler_table @ 000012f0 records: 1, size/record: 4, table size: 4
	index: 0, handler: __TI_zero_init


GLOBAL SYMBOLS: SORTED ALPHABETICALLY BY Name 

address   name                          
-------   ----                          
000012e5  C$$EXIT                       
000012d5  ResetISR                      
20000200  __STACK_END                   
00000200  __STACK_SIZE                  
20000200  __STACK_TOP                   
000012f4  __TI_CINIT_Base               
000012fc  __TI_CINIT_Limit              
000012f0  __TI_Handler_Table_Base       
000012f4  __TI_Handler_Table_Limit      
00001241  __TI_auto_init_nobinit_nopinit
ffffffff  __TI_pprof_out_hndl           
ffffffff  __TI_prof_data_size           
ffffffff  __TI_prof_data_start          
00000000  __TI_static_base__            
000012b9  __TI_zero_init_nomemset       
ffffffff  __binit__                     
ffffffff  __c_args__                    
UNDEFED   __mpu_init                    
20000000  __stack                       
00001285  _c_int00_noargs               
UNDEFED   _system_post_cinit            
000012e1  _system_pre_init              
00000541  a                             
000012e5  abort                         
0000026d  alloff                        
0000040b  allon                         
000005af  b                             
ffffffff  binit                         
00000675  c                             
20000200  checking                      
00000719  d                             
00000779  e                             
000007ed  f                             
00000849  g                             
00000000  g_pfnVectors                  
000011e7  getcUart0                     
000003a3  h                             
000008a5  i                             
00000fb9  initHw                        
00001111  initUart0                     
00000901  j                             
0000090f  k                             
0000095f  l                             
0000099d  m                             
00000da1  main                          
000004df  n                             
000009ff  o                             
00000a45  p                             
0000119f  putcUart0                     
000011bb  putsUart0                     
00000aad  q                             
00000ac7  r                             
00000afd  s                             
00000b9b  t                             
00000bbd  u                             
00000c19  v                             
00000c49  w                             
00000cb1  x                             
00000cf5  y                             
00000341  z                             


GLOBAL SYMBOLS: SORTED BY Symbol Address 

address   name                          
-------   ----                          
00000000  __TI_static_base__            
00000000  g_pfnVectors                  
00000200  __STACK_SIZE                  
0000026d  alloff                        
00000341  z                             
000003a3  h                             
0000040b  allon                         
000004df  n                             
00000541  a                             
000005af  b                             
00000675  c                             
00000719  d                             
00000779  e                             
000007ed  f                             
00000849  g                             
000008a5  i                             
00000901  j                             
0000090f  k                             
0000095f  l                             
0000099d  m                             
000009ff  o                             
00000a45  p                             
00000aad  q                             
00000ac7  r                             
00000afd  s                             
00000b9b  t                             
00000bbd  u                             
00000c19  v                             
00000c49  w                             
00000cb1  x                             
00000cf5  y                             
00000da1  main                          
00000fb9  initHw                        
00001111  initUart0                     
0000119f  putcUart0                     
000011bb  putsUart0                     
000011e7  getcUart0                     
00001241  __TI_auto_init_nobinit_nopinit
00001285  _c_int00_noargs               
000012b9  __TI_zero_init_nomemset       
000012d5  ResetISR                      
000012e1  _system_pre_init              
000012e5  C$$EXIT                       
000012e5  abort                         
000012f0  __TI_Handler_Table_Base       
000012f4  __TI_CINIT_Base               
000012f4  __TI_Handler_Table_Limit      
000012fc  __TI_CINIT_Limit              
20000000  __stack                       
20000200  __STACK_END                   
20000200  __STACK_TOP                   
20000200  checking                      
ffffffff  __TI_pprof_out_hndl           
ffffffff  __TI_prof_data_size           
ffffffff  __TI_prof_data_start          
ffffffff  __binit__                     
ffffffff  __c_args__                    
ffffffff  binit                         
UNDEFED   __mpu_init                    
UNDEFED   _system_post_cinit            

[60 symbols]
