<?xml version="1.0" encoding="ISO-8859-1" ?>
<link_info>
   <banner>TI ARM Linker Unix v18.12.4.LTS</banner>
   <copyright>Copyright (c) 1996-2018 Texas Instruments Incorporated</copyright>
   <link_time>0x5e6d5578</link_time>
   <link_errors>0x0</link_errors>
   <output_file>LED_MATRIX.out</output_file>
   <entry_point>
      <name>_c_int00_noargs</name>
      <address>0x1285</address>
   </entry_point>
   <input_file_list>
      <input_file id="fl-1">
         <path>./</path>
         <kind>object</kind>
         <file>LEDinit.obj</file>
         <name>LEDinit.obj</name>
      </input_file>
      <input_file id="fl-2">
         <path>./</path>
         <kind>object</kind>
         <file>RTOSCheckCode.obj</file>
         <name>RTOSCheckCode.obj</name>
      </input_file>
      <input_file id="fl-3">
         <path>./</path>
         <kind>object</kind>
         <file>getString.obj</file>
         <name>getString.obj</name>
      </input_file>
      <input_file id="fl-4">
         <path>./</path>
         <kind>object</kind>
         <file>names.obj</file>
         <name>names.obj</name>
      </input_file>
      <input_file id="fl-5">
         <path>./</path>
         <kind>object</kind>
         <file>stringReplacement.obj</file>
         <name>stringReplacement.obj</name>
      </input_file>
      <input_file id="fl-6">
         <path>./</path>
         <kind>object</kind>
         <file>tm4c123gh6pm_startup_ccs.obj</file>
         <name>tm4c123gh6pm_startup_ccs.obj</name>
      </input_file>
      <input_file id="fl-7">
         <path>./</path>
         <kind>object</kind>
         <file>uart0.obj</file>
         <name>uart0.obj</name>
      </input_file>
      <input_file id="fl-8">
         <path>./</path>
         <kind>object</kind>
         <file>wait.obj</file>
         <name>wait.obj</name>
      </input_file>
      <input_file id="fl-c">
         <kind>object</kind>
         <file>&lt;internal&gt;</file>
         <name>&lt;internal&gt;</name>
      </input_file>
      <input_file id="fl-c2">
         <path>/Applications/ti/ccs930/ccs/tools/compiler/ti-cgt-arm_18.12.4.LTS/lib/</path>
         <kind>archive</kind>
         <file>rtsv7M4_T_le_v4SPD16_eabi.lib</file>
         <name>fd_tos_t2.asm.obj</name>
      </input_file>
      <input_file id="fl-c3">
         <path>/Applications/ti/ccs930/ccs/tools/compiler/ti-cgt-arm_18.12.4.LTS/lib/</path>
         <kind>archive</kind>
         <file>rtsv7M4_T_le_v4SPD16_eabi.lib</file>
         <name>copy_zero_init.c.obj</name>
      </input_file>
      <input_file id="fl-c4">
         <path>/Applications/ti/ccs930/ccs/tools/compiler/ti-cgt-arm_18.12.4.LTS/lib/</path>
         <kind>archive</kind>
         <file>rtsv7M4_T_le_v4SPD16_eabi.lib</file>
         <name>copy_decompress_none.c.obj</name>
      </input_file>
      <input_file id="fl-c5">
         <path>/Applications/ti/ccs930/ccs/tools/compiler/ti-cgt-arm_18.12.4.LTS/lib/</path>
         <kind>archive</kind>
         <file>rtsv7M4_T_le_v4SPD16_eabi.lib</file>
         <name>copy_decompress_lzss.c.obj</name>
      </input_file>
      <input_file id="fl-c6">
         <path>/Applications/ti/ccs930/ccs/tools/compiler/ti-cgt-arm_18.12.4.LTS/lib/</path>
         <kind>archive</kind>
         <file>rtsv7M4_T_le_v4SPD16_eabi.lib</file>
         <name>atof.c.obj</name>
      </input_file>
      <input_file id="fl-c7">
         <path>/Applications/ti/ccs930/ccs/tools/compiler/ti-cgt-arm_18.12.4.LTS/lib/</path>
         <kind>archive</kind>
         <file>rtsv7M4_T_le_v4SPD16_eabi.lib</file>
         <name>atoi.c.obj</name>
      </input_file>
      <input_file id="fl-c8">
         <path>/Applications/ti/ccs930/ccs/tools/compiler/ti-cgt-arm_18.12.4.LTS/lib/</path>
         <kind>archive</kind>
         <file>rtsv7M4_T_le_v4SPD16_eabi.lib</file>
         <name>ctype.c.obj</name>
      </input_file>
      <input_file id="fl-c9">
         <path>/Applications/ti/ccs930/ccs/tools/compiler/ti-cgt-arm_18.12.4.LTS/lib/</path>
         <kind>archive</kind>
         <file>rtsv7M4_T_le_v4SPD16_eabi.lib</file>
         <name>strtod.c.obj</name>
      </input_file>
      <input_file id="fl-ca">
         <path>/Applications/ti/ccs930/ccs/tools/compiler/ti-cgt-arm_18.12.4.LTS/lib/</path>
         <kind>archive</kind>
         <file>rtsv7M4_T_le_v4SPD16_eabi.lib</file>
         <name>boot_cortex_m.c.obj</name>
      </input_file>
      <input_file id="fl-cb">
         <path>/Applications/ti/ccs930/ccs/tools/compiler/ti-cgt-arm_18.12.4.LTS/lib/</path>
         <kind>archive</kind>
         <file>rtsv7M4_T_le_v4SPD16_eabi.lib</file>
         <name>errno.c.obj</name>
      </input_file>
      <input_file id="fl-cc">
         <path>/Applications/ti/ccs930/ccs/tools/compiler/ti-cgt-arm_18.12.4.LTS/lib/</path>
         <kind>archive</kind>
         <file>rtsv7M4_T_le_v4SPD16_eabi.lib</file>
         <name>s_scalbn.c.obj</name>
      </input_file>
      <input_file id="fl-cd">
         <path>/Applications/ti/ccs930/ccs/tools/compiler/ti-cgt-arm_18.12.4.LTS/lib/</path>
         <kind>archive</kind>
         <file>rtsv7M4_T_le_v4SPD16_eabi.lib</file>
         <name>fd_add_t2.asm.obj</name>
      </input_file>
      <input_file id="fl-ce">
         <path>/Applications/ti/ccs930/ccs/tools/compiler/ti-cgt-arm_18.12.4.LTS/lib/</path>
         <kind>archive</kind>
         <file>rtsv7M4_T_le_v4SPD16_eabi.lib</file>
         <name>fd_cmp_t2.asm.obj</name>
      </input_file>
      <input_file id="fl-cf">
         <path>/Applications/ti/ccs930/ccs/tools/compiler/ti-cgt-arm_18.12.4.LTS/lib/</path>
         <kind>archive</kind>
         <file>rtsv7M4_T_le_v4SPD16_eabi.lib</file>
         <name>fd_div_t2.asm.obj</name>
      </input_file>
      <input_file id="fl-d0">
         <path>/Applications/ti/ccs930/ccs/tools/compiler/ti-cgt-arm_18.12.4.LTS/lib/</path>
         <kind>archive</kind>
         <file>rtsv7M4_T_le_v4SPD16_eabi.lib</file>
         <name>fd_mul_t2.asm.obj</name>
      </input_file>
      <input_file id="fl-d1">
         <path>/Applications/ti/ccs930/ccs/tools/compiler/ti-cgt-arm_18.12.4.LTS/lib/</path>
         <kind>archive</kind>
         <file>rtsv7M4_T_le_v4SPD16_eabi.lib</file>
         <name>memcpy_t2.asm.obj</name>
      </input_file>
      <input_file id="fl-d2">
         <path>/Applications/ti/ccs930/ccs/tools/compiler/ti-cgt-arm_18.12.4.LTS/lib/</path>
         <kind>archive</kind>
         <file>rtsv7M4_T_le_v4SPD16_eabi.lib</file>
         <name>memset_t2.asm.obj</name>
      </input_file>
      <input_file id="fl-d3">
         <path>/Applications/ti/ccs930/ccs/tools/compiler/ti-cgt-arm_18.12.4.LTS/lib/</path>
         <kind>archive</kind>
         <file>rtsv7M4_T_le_v4SPD16_eabi.lib</file>
         <name>autoinit.c.obj</name>
      </input_file>
      <input_file id="fl-d4">
         <path>/Applications/ti/ccs930/ccs/tools/compiler/ti-cgt-arm_18.12.4.LTS/lib/</path>
         <kind>archive</kind>
         <file>rtsv7M4_T_le_v4SPD16_eabi.lib</file>
         <name>pre_init.c.obj</name>
      </input_file>
      <input_file id="fl-d5">
         <path>/Applications/ti/ccs930/ccs/tools/compiler/ti-cgt-arm_18.12.4.LTS/lib/</path>
         <kind>archive</kind>
         <file>rtsv7M4_T_le_v4SPD16_eabi.lib</file>
         <name>cpy_tbl.c.obj</name>
      </input_file>
      <input_file id="fl-d6">
         <path>/Applications/ti/ccs930/ccs/tools/compiler/ti-cgt-arm_18.12.4.LTS/lib/</path>
         <kind>archive</kind>
         <file>rtsv7M4_T_le_v4SPD16_eabi.lib</file>
         <name>exit.c.obj</name>
      </input_file>
      <input_file id="fl-d7">
         <path>/Applications/ti/ccs930/ccs/tools/compiler/ti-cgt-arm_18.12.4.LTS/lib/</path>
         <kind>archive</kind>
         <file>rtsv7M4_T_le_v4SPD16_eabi.lib</file>
         <name>_lock.c.obj</name>
      </input_file>
      <input_file id="fl-d8">
         <path>/Applications/ti/ccs930/ccs/tools/compiler/ti-cgt-arm_18.12.4.LTS/lib/</path>
         <kind>archive</kind>
         <file>rtsv7M4_T_le_v4SPD16_eabi.lib</file>
         <name>args_main.c.obj</name>
      </input_file>
      <input_file id="fl-d9">
         <path>/Applications/ti/ccs930/ccs/tools/compiler/ti-cgt-arm_18.12.4.LTS/lib/</path>
         <kind>archive</kind>
         <file>rtsv7M4_T_le_v4SPD16_eabi.lib</file>
         <name>s_copysign.c.obj</name>
      </input_file>
   </input_file_list>
   <object_component_list>
      <object_component id="oc-f">
         <name>.intvecs</name>
         <load_address>0x0</load_address>
         <run_address>0x0</run_address>
         <size>0x26c</size>
         <input_file_ref idref="fl-6"/>
      </object_component>
      <object_component id="oc-cc">
         <name>.text</name>
         <load_address>0x26c</load_address>
         <run_address>0x26c</run_address>
         <size>0xb34</size>
         <input_file_ref idref="fl-4"/>
      </object_component>
      <object_component id="oc-98">
         <name>.text</name>
         <load_address>0xda0</load_address>
         <run_address>0xda0</run_address>
         <size>0x218</size>
         <input_file_ref idref="fl-2"/>
      </object_component>
      <object_component id="oc-c0">
         <name>.text</name>
         <load_address>0xfb8</load_address>
         <run_address>0xfb8</run_address>
         <size>0x158</size>
         <input_file_ref idref="fl-1"/>
      </object_component>
      <object_component id="oc-c6">
         <name>.text</name>
         <load_address>0x1110</load_address>
         <run_address>0x1110</run_address>
         <size>0x130</size>
         <input_file_ref idref="fl-7"/>
      </object_component>
      <object_component id="oc-e2">
         <name>.text:__TI_auto_init_nobinit_nopinit:__TI_auto_init_nobinit_nopinit</name>
         <load_address>0x1240</load_address>
         <run_address>0x1240</run_address>
         <size>0x44</size>
         <input_file_ref idref="fl-d3"/>
      </object_component>
      <object_component id="oc-56">
         <name>.text:_c_int00_noargs:_c_int00_noargs</name>
         <load_address>0x1284</load_address>
         <run_address>0x1284</run_address>
         <size>0x34</size>
         <input_file_ref idref="fl-ca"/>
      </object_component>
      <object_component id="oc-44">
         <name>.text:decompress:ZI:__TI_zero_init_nomemset:__TI_zero_init_nomemset</name>
         <load_address>0x12b8</load_address>
         <run_address>0x12b8</run_address>
         <size>0x1c</size>
         <input_file_ref idref="fl-c3"/>
      </object_component>
      <object_component id="oc-24">
         <name>.text</name>
         <load_address>0x12d4</load_address>
         <run_address>0x12d4</run_address>
         <size>0xc</size>
         <input_file_ref idref="fl-6"/>
      </object_component>
      <object_component id="oc-92">
         <name>.text:_system_pre_init</name>
         <load_address>0x12e0</load_address>
         <run_address>0x12e0</run_address>
         <size>0x4</size>
         <input_file_ref idref="fl-d4"/>
      </object_component>
      <object_component id="oc-d6">
         <name>.text:abort:abort</name>
         <load_address>0x12e4</load_address>
         <run_address>0x12e4</run_address>
         <size>0x4</size>
         <input_file_ref idref="fl-d6"/>
      </object_component>
      <object_component id="oc-1a1">
         <name>.cinit..bss.load</name>
         <load_address>0x12e8</load_address>
         <run_address>0x12e8</run_address>
         <size>0x8</size>
      </object_component>
      <object_component id="oc-19f">
         <name>__TI_handler_table</name>
         <load_address>0x12f0</load_address>
         <run_address>0x12f0</run_address>
         <size>0x4</size>
      </object_component>
      <object_component id="oc-1a0">
         <name>__TI_cinit_table</name>
         <load_address>0x12f4</load_address>
         <run_address>0x12f4</run_address>
         <size>0x8</size>
      </object_component>
      <object_component id="oc-d2">
         <name>.common:checking</name>
         <uninitialized>true</uninitialized>
         <run_address>0x20000200</run_address>
         <size>0x1</size>
      </object_component>
      <object_component id="oc-21">
         <name>.stack</name>
         <uninitialized>true</uninitialized>
         <run_address>0x20000000</run_address>
         <size>0x4</size>
         <input_file_ref idref="fl-ca"/>
      </object_component>
      <object_component id="oc-1a2">
         <name>.stack</name>
         <uninitialized>true</uninitialized>
         <run_address>0x20000000</run_address>
         <size>0x0</size>
      </object_component>
      <object_component id="oc-af">
         <name>.debug_info</name>
         <load_address>0x0</load_address>
         <run_address>0x0</run_address>
         <size>0x264</size>
         <input_file_ref idref="fl-1"/>
      </object_component>
      <object_component id="oc-c1">
         <name>.debug_info</name>
         <load_address>0x264</load_address>
         <run_address>0x264</run_address>
         <size>0x105</size>
         <input_file_ref idref="fl-1"/>
      </object_component>
      <object_component id="oc-6d">
         <name>.debug_info</name>
         <load_address>0x369</load_address>
         <run_address>0x369</run_address>
         <size>0x26b</size>
         <input_file_ref idref="fl-1"/>
      </object_component>
      <object_component id="oc-33">
         <name>.debug_info</name>
         <load_address>0x5d4</load_address>
         <run_address>0x5d4</run_address>
         <size>0x84</size>
         <input_file_ref idref="fl-1"/>
      </object_component>
      <object_component id="oc-aa">
         <name>.debug_info</name>
         <load_address>0x658</load_address>
         <run_address>0x658</run_address>
         <size>0x297</size>
         <input_file_ref idref="fl-1"/>
      </object_component>
      <object_component id="oc-72">
         <name>.debug_info</name>
         <load_address>0x8ef</load_address>
         <run_address>0x8ef</run_address>
         <size>0xbb</size>
         <input_file_ref idref="fl-1"/>
      </object_component>
      <object_component id="oc-d3">
         <name>.debug_info</name>
         <load_address>0x9aa</load_address>
         <run_address>0x9aa</run_address>
         <size>0x541</size>
         <input_file_ref idref="fl-2"/>
      </object_component>
      <object_component id="oc-99">
         <name>.debug_info</name>
         <load_address>0xeeb</load_address>
         <run_address>0xeeb</run_address>
         <size>0x380</size>
         <input_file_ref idref="fl-2"/>
      </object_component>
      <object_component id="oc-11c">
         <name>.debug_info</name>
         <load_address>0x126b</load_address>
         <run_address>0x126b</run_address>
         <size>0x109</size>
         <input_file_ref idref="fl-2"/>
      </object_component>
      <object_component id="oc-121">
         <name>.debug_info</name>
         <load_address>0x1374</load_address>
         <run_address>0x1374</run_address>
         <size>0x4e</size>
         <input_file_ref idref="fl-2"/>
      </object_component>
      <object_component id="oc-cd">
         <name>.debug_info</name>
         <load_address>0x13c2</load_address>
         <run_address>0x13c2</run_address>
         <size>0x769</size>
         <input_file_ref idref="fl-4"/>
      </object_component>
      <object_component id="oc-2c">
         <name>.debug_info</name>
         <load_address>0x1b2b</load_address>
         <run_address>0x1b2b</run_address>
         <size>0x2b3</size>
         <input_file_ref idref="fl-6"/>
      </object_component>
      <object_component id="oc-10">
         <name>.debug_info</name>
         <load_address>0x1dde</load_address>
         <run_address>0x1dde</run_address>
         <size>0xf2</size>
         <input_file_ref idref="fl-6"/>
      </object_component>
      <object_component id="oc-25">
         <name>.debug_info</name>
         <load_address>0x1ed0</load_address>
         <run_address>0x1ed0</run_address>
         <size>0x26e</size>
         <input_file_ref idref="fl-6"/>
      </object_component>
      <object_component id="oc-118">
         <name>.debug_info</name>
         <load_address>0x213e</load_address>
         <run_address>0x213e</run_address>
         <size>0x268</size>
         <input_file_ref idref="fl-7"/>
      </object_component>
      <object_component id="oc-c7">
         <name>.debug_info</name>
         <load_address>0x23a6</load_address>
         <run_address>0x23a6</run_address>
         <size>0x230</size>
         <input_file_ref idref="fl-7"/>
      </object_component>
      <object_component id="oc-8b">
         <name>.debug_info</name>
         <load_address>0x25d6</load_address>
         <run_address>0x25d6</run_address>
         <size>0x2d3</size>
         <input_file_ref idref="fl-c3"/>
      </object_component>
      <object_component id="oc-45">
         <name>.debug_info</name>
         <load_address>0x28a9</load_address>
         <run_address>0x28a9</run_address>
         <size>0x1d1</size>
         <input_file_ref idref="fl-c3"/>
      </object_component>
      <object_component id="oc-86">
         <name>.debug_info</name>
         <load_address>0x2a7a</load_address>
         <run_address>0x2a7a</run_address>
         <size>0x46</size>
         <input_file_ref idref="fl-c3"/>
      </object_component>
      <object_component id="oc-b7">
         <name>.debug_info</name>
         <load_address>0x2ac0</load_address>
         <run_address>0x2ac0</run_address>
         <size>0x2c</size>
         <input_file_ref idref="fl-c3"/>
      </object_component>
      <object_component id="oc-22">
         <name>.debug_info</name>
         <load_address>0x2aec</load_address>
         <run_address>0x2aec</run_address>
         <size>0x10a</size>
         <input_file_ref idref="fl-ca"/>
      </object_component>
      <object_component id="oc-57">
         <name>.debug_info</name>
         <load_address>0x2bf6</load_address>
         <run_address>0x2bf6</run_address>
         <size>0x1a8</size>
         <input_file_ref idref="fl-ca"/>
      </object_component>
      <object_component id="oc-131">
         <name>.debug_info</name>
         <load_address>0x2d9e</load_address>
         <run_address>0x2d9e</run_address>
         <size>0x4b2</size>
         <input_file_ref idref="fl-d3"/>
      </object_component>
      <object_component id="oc-e3">
         <name>.debug_info</name>
         <load_address>0x3250</load_address>
         <run_address>0x3250</run_address>
         <size>0x1a5</size>
         <input_file_ref idref="fl-d3"/>
      </object_component>
      <object_component id="oc-158">
         <name>.debug_info</name>
         <load_address>0x33f5</load_address>
         <run_address>0x33f5</run_address>
         <size>0x39</size>
         <input_file_ref idref="fl-d3"/>
      </object_component>
      <object_component id="oc-16c">
         <name>.debug_info</name>
         <load_address>0x342e</load_address>
         <run_address>0x342e</run_address>
         <size>0x39</size>
         <input_file_ref idref="fl-d3"/>
      </object_component>
      <object_component id="oc-15d">
         <name>.debug_info</name>
         <load_address>0x3467</load_address>
         <run_address>0x3467</run_address>
         <size>0x39</size>
         <input_file_ref idref="fl-d3"/>
      </object_component>
      <object_component id="oc-162">
         <name>.debug_info</name>
         <load_address>0x34a0</load_address>
         <run_address>0x34a0</run_address>
         <size>0xcd</size>
         <input_file_ref idref="fl-d3"/>
      </object_component>
      <object_component id="oc-93">
         <name>.debug_info</name>
         <load_address>0x356d</load_address>
         <run_address>0x356d</run_address>
         <size>0x152</size>
         <input_file_ref idref="fl-d4"/>
      </object_component>
      <object_component id="oc-d7">
         <name>.debug_info</name>
         <load_address>0x36bf</load_address>
         <run_address>0x36bf</run_address>
         <size>0x121</size>
         <input_file_ref idref="fl-d6"/>
      </object_component>
      <object_component id="oc-1a3">
         <name>.debug_info</name>
         <load_address>0x37e0</load_address>
         <run_address>0x37e0</run_address>
         <size>0xa5</size>
      </object_component>
      <object_component id="oc-115">
         <name>.debug_line</name>
         <load_address>0x0</load_address>
         <run_address>0x0</run_address>
         <size>0x20</size>
         <input_file_ref idref="fl-1"/>
      </object_component>
      <object_component id="oc-c4">
         <name>.debug_line</name>
         <load_address>0x20</load_address>
         <run_address>0x20</run_address>
         <size>0x6d</size>
         <input_file_ref idref="fl-1"/>
      </object_component>
      <object_component id="oc-70">
         <name>.debug_line</name>
         <load_address>0x8d</load_address>
         <run_address>0x8d</run_address>
         <size>0x7a</size>
         <input_file_ref idref="fl-1"/>
      </object_component>
      <object_component id="oc-36">
         <name>.debug_line</name>
         <load_address>0x107</load_address>
         <run_address>0x107</run_address>
         <size>0x20</size>
         <input_file_ref idref="fl-1"/>
      </object_component>
      <object_component id="oc-ad">
         <name>.debug_line</name>
         <load_address>0x127</load_address>
         <run_address>0x127</run_address>
         <size>0x7e</size>
         <input_file_ref idref="fl-1"/>
      </object_component>
      <object_component id="oc-75">
         <name>.debug_line</name>
         <load_address>0x1a5</load_address>
         <run_address>0x1a5</run_address>
         <size>0x7b</size>
         <input_file_ref idref="fl-1"/>
      </object_component>
      <object_component id="oc-11b">
         <name>.debug_line</name>
         <load_address>0x220</load_address>
         <run_address>0x220</run_address>
         <size>0x8e</size>
         <input_file_ref idref="fl-2"/>
      </object_component>
      <object_component id="oc-9c">
         <name>.debug_line</name>
         <load_address>0x2ae</load_address>
         <run_address>0x2ae</run_address>
         <size>0x189</size>
         <input_file_ref idref="fl-2"/>
      </object_component>
      <object_component id="oc-11f">
         <name>.debug_line</name>
         <load_address>0x437</load_address>
         <run_address>0x437</run_address>
         <size>0x32</size>
         <input_file_ref idref="fl-2"/>
      </object_component>
      <object_component id="oc-124">
         <name>.debug_line</name>
         <load_address>0x469</load_address>
         <run_address>0x469</run_address>
         <size>0x3a</size>
         <input_file_ref idref="fl-2"/>
      </object_component>
      <object_component id="oc-d0">
         <name>.debug_line</name>
         <load_address>0x4a3</load_address>
         <run_address>0x4a3</run_address>
         <size>0x664</size>
         <input_file_ref idref="fl-4"/>
      </object_component>
      <object_component id="oc-6c">
         <name>.debug_line</name>
         <load_address>0xb07</load_address>
         <run_address>0xb07</run_address>
         <size>0x41</size>
         <input_file_ref idref="fl-6"/>
      </object_component>
      <object_component id="oc-2b">
         <name>.debug_line</name>
         <load_address>0xb48</load_address>
         <run_address>0xb48</run_address>
         <size>0x41</size>
         <input_file_ref idref="fl-6"/>
      </object_component>
      <object_component id="oc-28">
         <name>.debug_line</name>
         <load_address>0xb89</load_address>
         <run_address>0xb89</run_address>
         <size>0xa1</size>
         <input_file_ref idref="fl-6"/>
      </object_component>
      <object_component id="oc-147">
         <name>.debug_line</name>
         <load_address>0xc2a</load_address>
         <run_address>0xc2a</run_address>
         <size>0x20</size>
         <input_file_ref idref="fl-7"/>
      </object_component>
      <object_component id="oc-ca">
         <name>.debug_line</name>
         <load_address>0xc4a</load_address>
         <run_address>0xc4a</run_address>
         <size>0xb1</size>
         <input_file_ref idref="fl-7"/>
      </object_component>
      <object_component id="oc-bd">
         <name>.debug_line</name>
         <load_address>0xcfb</load_address>
         <run_address>0xcfb</run_address>
         <size>0x90</size>
         <input_file_ref idref="fl-c3"/>
      </object_component>
      <object_component id="oc-48">
         <name>.debug_line</name>
         <load_address>0xd8b</load_address>
         <run_address>0xd8b</run_address>
         <size>0x56</size>
         <input_file_ref idref="fl-c3"/>
      </object_component>
      <object_component id="oc-89">
         <name>.debug_line</name>
         <load_address>0xde1</load_address>
         <run_address>0xde1</run_address>
         <size>0x34</size>
         <input_file_ref idref="fl-c3"/>
      </object_component>
      <object_component id="oc-ba">
         <name>.debug_line</name>
         <load_address>0xe15</load_address>
         <run_address>0xe15</run_address>
         <size>0x90</size>
         <input_file_ref idref="fl-c3"/>
      </object_component>
      <object_component id="oc-69">
         <name>.debug_line</name>
         <load_address>0xea5</load_address>
         <run_address>0xea5</run_address>
         <size>0x33</size>
         <input_file_ref idref="fl-ca"/>
      </object_component>
      <object_component id="oc-5a">
         <name>.debug_line</name>
         <load_address>0xed8</load_address>
         <run_address>0xed8</run_address>
         <size>0x45</size>
         <input_file_ref idref="fl-ca"/>
      </object_component>
      <object_component id="oc-157">
         <name>.debug_line</name>
         <load_address>0xf1d</load_address>
         <run_address>0xf1d</run_address>
         <size>0xbd</size>
         <input_file_ref idref="fl-d3"/>
      </object_component>
      <object_component id="oc-e6">
         <name>.debug_line</name>
         <load_address>0xfda</load_address>
         <run_address>0xfda</run_address>
         <size>0x6f</size>
         <input_file_ref idref="fl-d3"/>
      </object_component>
      <object_component id="oc-15b">
         <name>.debug_line</name>
         <load_address>0x1049</load_address>
         <run_address>0x1049</run_address>
         <size>0x2e</size>
         <input_file_ref idref="fl-d3"/>
      </object_component>
      <object_component id="oc-16f">
         <name>.debug_line</name>
         <load_address>0x1077</load_address>
         <run_address>0x1077</run_address>
         <size>0x98</size>
         <input_file_ref idref="fl-d3"/>
      </object_component>
      <object_component id="oc-160">
         <name>.debug_line</name>
         <load_address>0x110f</load_address>
         <run_address>0x110f</run_address>
         <size>0x95</size>
         <input_file_ref idref="fl-d3"/>
      </object_component>
      <object_component id="oc-165">
         <name>.debug_line</name>
         <load_address>0x11a4</load_address>
         <run_address>0x11a4</run_address>
         <size>0x91</size>
         <input_file_ref idref="fl-d3"/>
      </object_component>
      <object_component id="oc-96">
         <name>.debug_line</name>
         <load_address>0x1235</load_address>
         <run_address>0x1235</run_address>
         <size>0x40</size>
         <input_file_ref idref="fl-d4"/>
      </object_component>
      <object_component id="oc-da">
         <name>.debug_line</name>
         <load_address>0x1275</load_address>
         <run_address>0x1275</run_address>
         <size>0x3c</size>
         <input_file_ref idref="fl-d6"/>
      </object_component>
      <object_component id="oc-c5">
         <name>.debug_frame</name>
         <load_address>0x0</load_address>
         <run_address>0x0</run_address>
         <size>0x58</size>
         <input_file_ref idref="fl-1"/>
      </object_component>
      <object_component id="oc-9d">
         <name>.debug_frame</name>
         <load_address>0x58</load_address>
         <run_address>0x58</run_address>
         <size>0x5c</size>
         <input_file_ref idref="fl-2"/>
      </object_component>
      <object_component id="oc-d1">
         <name>.debug_frame</name>
         <load_address>0xb4</load_address>
         <run_address>0xb4</run_address>
         <size>0x274</size>
         <input_file_ref idref="fl-4"/>
      </object_component>
      <object_component id="oc-29">
         <name>.debug_frame</name>
         <load_address>0x328</load_address>
         <run_address>0x328</run_address>
         <size>0x90</size>
         <input_file_ref idref="fl-6"/>
      </object_component>
      <object_component id="oc-cb">
         <name>.debug_frame</name>
         <load_address>0x3b8</load_address>
         <run_address>0x3b8</run_address>
         <size>0x9c</size>
         <input_file_ref idref="fl-7"/>
      </object_component>
      <object_component id="oc-49">
         <name>.debug_frame</name>
         <load_address>0x454</load_address>
         <run_address>0x454</run_address>
         <size>0x54</size>
         <input_file_ref idref="fl-c3"/>
      </object_component>
      <object_component id="oc-5b">
         <name>.debug_frame</name>
         <load_address>0x4a8</load_address>
         <run_address>0x4a8</run_address>
         <size>0x50</size>
         <input_file_ref idref="fl-ca"/>
      </object_component>
      <object_component id="oc-e7">
         <name>.debug_frame</name>
         <load_address>0x4f8</load_address>
         <run_address>0x4f8</run_address>
         <size>0x5c</size>
         <input_file_ref idref="fl-d3"/>
      </object_component>
      <object_component id="oc-97">
         <name>.debug_frame</name>
         <load_address>0x554</load_address>
         <run_address>0x554</run_address>
         <size>0x54</size>
         <input_file_ref idref="fl-d4"/>
      </object_component>
      <object_component id="oc-db">
         <name>.debug_frame</name>
         <load_address>0x5a8</load_address>
         <run_address>0x5a8</run_address>
         <size>0x54</size>
         <input_file_ref idref="fl-d6"/>
      </object_component>
      <object_component id="oc-114">
         <name>.debug_abbrev</name>
         <load_address>0x0</load_address>
         <run_address>0x0</run_address>
         <size>0x27</size>
         <input_file_ref idref="fl-1"/>
      </object_component>
      <object_component id="oc-116">
         <name>.debug_abbrev</name>
         <load_address>0x27</load_address>
         <run_address>0x27</run_address>
         <size>0x50</size>
         <input_file_ref idref="fl-1"/>
      </object_component>
      <object_component id="oc-6f">
         <name>.debug_abbrev</name>
         <load_address>0x77</load_address>
         <run_address>0x77</run_address>
         <size>0x69</size>
         <input_file_ref idref="fl-1"/>
      </object_component>
      <object_component id="oc-35">
         <name>.debug_abbrev</name>
         <load_address>0xe0</load_address>
         <run_address>0xe0</run_address>
         <size>0x1f</size>
         <input_file_ref idref="fl-1"/>
      </object_component>
      <object_component id="oc-ac">
         <name>.debug_abbrev</name>
         <load_address>0xff</load_address>
         <run_address>0xff</run_address>
         <size>0x5c</size>
         <input_file_ref idref="fl-1"/>
      </object_component>
      <object_component id="oc-74">
         <name>.debug_abbrev</name>
         <load_address>0x15b</load_address>
         <run_address>0x15b</run_address>
         <size>0x24</size>
         <input_file_ref idref="fl-1"/>
      </object_component>
      <object_component id="oc-11a">
         <name>.debug_abbrev</name>
         <load_address>0x17f</load_address>
         <run_address>0x17f</run_address>
         <size>0xae</size>
         <input_file_ref idref="fl-2"/>
      </object_component>
      <object_component id="oc-d5">
         <name>.debug_abbrev</name>
         <load_address>0x22d</load_address>
         <run_address>0x22d</run_address>
         <size>0x54</size>
         <input_file_ref idref="fl-2"/>
      </object_component>
      <object_component id="oc-11e">
         <name>.debug_abbrev</name>
         <load_address>0x281</load_address>
         <run_address>0x281</run_address>
         <size>0x4b</size>
         <input_file_ref idref="fl-2"/>
      </object_component>
      <object_component id="oc-123">
         <name>.debug_abbrev</name>
         <load_address>0x2cc</load_address>
         <run_address>0x2cc</run_address>
         <size>0x4b</size>
         <input_file_ref idref="fl-2"/>
      </object_component>
      <object_component id="oc-119">
         <name>.debug_abbrev</name>
         <load_address>0x317</load_address>
         <run_address>0x317</run_address>
         <size>0x50</size>
         <input_file_ref idref="fl-4"/>
      </object_component>
      <object_component id="oc-6b">
         <name>.debug_abbrev</name>
         <load_address>0x367</load_address>
         <run_address>0x367</run_address>
         <size>0x68</size>
         <input_file_ref idref="fl-6"/>
      </object_component>
      <object_component id="oc-2a">
         <name>.debug_abbrev</name>
         <load_address>0x3cf</load_address>
         <run_address>0x3cf</run_address>
         <size>0x29</size>
         <input_file_ref idref="fl-6"/>
      </object_component>
      <object_component id="oc-6a">
         <name>.debug_abbrev</name>
         <load_address>0x3f8</load_address>
         <run_address>0x3f8</run_address>
         <size>0x79</size>
         <input_file_ref idref="fl-6"/>
      </object_component>
      <object_component id="oc-146">
         <name>.debug_abbrev</name>
         <load_address>0x471</load_address>
         <run_address>0x471</run_address>
         <size>0x27</size>
         <input_file_ref idref="fl-7"/>
      </object_component>
      <object_component id="oc-117">
         <name>.debug_abbrev</name>
         <load_address>0x498</load_address>
         <run_address>0x498</run_address>
         <size>0xa9</size>
         <input_file_ref idref="fl-7"/>
      </object_component>
      <object_component id="oc-bc">
         <name>.debug_abbrev</name>
         <load_address>0x541</load_address>
         <run_address>0x541</run_address>
         <size>0x5d</size>
         <input_file_ref idref="fl-c3"/>
      </object_component>
      <object_component id="oc-85">
         <name>.debug_abbrev</name>
         <load_address>0x59e</load_address>
         <run_address>0x59e</run_address>
         <size>0x6f</size>
         <input_file_ref idref="fl-c3"/>
      </object_component>
      <object_component id="oc-88">
         <name>.debug_abbrev</name>
         <load_address>0x60d</load_address>
         <run_address>0x60d</run_address>
         <size>0x24</size>
         <input_file_ref idref="fl-c3"/>
      </object_component>
      <object_component id="oc-b9">
         <name>.debug_abbrev</name>
         <load_address>0x631</load_address>
         <run_address>0x631</run_address>
         <size>0x24</size>
         <input_file_ref idref="fl-c3"/>
      </object_component>
      <object_component id="oc-68">
         <name>.debug_abbrev</name>
         <load_address>0x655</load_address>
         <run_address>0x655</run_address>
         <size>0x29</size>
         <input_file_ref idref="fl-ca"/>
      </object_component>
      <object_component id="oc-a1">
         <name>.debug_abbrev</name>
         <load_address>0x67e</load_address>
         <run_address>0x67e</run_address>
         <size>0x55</size>
         <input_file_ref idref="fl-ca"/>
      </object_component>
      <object_component id="oc-156">
         <name>.debug_abbrev</name>
         <load_address>0x6d3</load_address>
         <run_address>0x6d3</run_address>
         <size>0xc0</size>
         <input_file_ref idref="fl-d3"/>
      </object_component>
      <object_component id="oc-130">
         <name>.debug_abbrev</name>
         <load_address>0x793</load_address>
         <run_address>0x793</run_address>
         <size>0x7e</size>
         <input_file_ref idref="fl-d3"/>
      </object_component>
      <object_component id="oc-15a">
         <name>.debug_abbrev</name>
         <load_address>0x811</load_address>
         <run_address>0x811</run_address>
         <size>0x24</size>
         <input_file_ref idref="fl-d3"/>
      </object_component>
      <object_component id="oc-16e">
         <name>.debug_abbrev</name>
         <load_address>0x835</load_address>
         <run_address>0x835</run_address>
         <size>0x24</size>
         <input_file_ref idref="fl-d3"/>
      </object_component>
      <object_component id="oc-15f">
         <name>.debug_abbrev</name>
         <load_address>0x859</load_address>
         <run_address>0x859</run_address>
         <size>0x24</size>
         <input_file_ref idref="fl-d3"/>
      </object_component>
      <object_component id="oc-164">
         <name>.debug_abbrev</name>
         <load_address>0x87d</load_address>
         <run_address>0x87d</run_address>
         <size>0x4b</size>
         <input_file_ref idref="fl-d3"/>
      </object_component>
      <object_component id="oc-bf">
         <name>.debug_abbrev</name>
         <load_address>0x8c8</load_address>
         <run_address>0x8c8</run_address>
         <size>0x55</size>
         <input_file_ref idref="fl-d4"/>
      </object_component>
      <object_component id="oc-126">
         <name>.debug_abbrev</name>
         <load_address>0x91d</load_address>
         <run_address>0x91d</run_address>
         <size>0x45</size>
         <input_file_ref idref="fl-d6"/>
      </object_component>
      <object_component id="oc-1a4">
         <name>.debug_abbrev</name>
         <load_address>0x962</load_address>
         <run_address>0x962</run_address>
         <size>0xf</size>
      </object_component>
      <object_component id="oc-71">
         <name>.debug_str</name>
         <load_address>0x0</load_address>
         <run_address>0x0</run_address>
         <size>0x2c1</size>
         <input_file_ref idref="fl-1"/>
      </object_component>
      <object_component id="oc-37">
         <name>.debug_str</name>
         <load_address>0x2c1</load_address>
         <run_address>0x2c1</run_address>
         <size>0x100</size>
         <input_file_ref idref="fl-1"/>
      </object_component>
      <object_component id="oc-ae">
         <name>.debug_str</name>
         <load_address>0x3c1</load_address>
         <run_address>0x3c1</run_address>
         <size>0x350</size>
         <input_file_ref idref="fl-1"/>
      </object_component>
      <object_component id="oc-76">
         <name>.debug_str</name>
         <load_address>0x711</load_address>
         <run_address>0x711</run_address>
         <size>0x159</size>
         <input_file_ref idref="fl-1"/>
      </object_component>
      <object_component id="oc-120">
         <name>.debug_str</name>
         <load_address>0x86a</load_address>
         <run_address>0x86a</run_address>
         <size>0xfe</size>
         <input_file_ref idref="fl-2"/>
      </object_component>
      <object_component id="oc-125">
         <name>.debug_str</name>
         <load_address>0x968</load_address>
         <run_address>0x968</run_address>
         <size>0xbe</size>
         <input_file_ref idref="fl-2"/>
      </object_component>
      <object_component id="oc-8a">
         <name>.debug_str</name>
         <load_address>0xa26</load_address>
         <run_address>0xa26</run_address>
         <size>0x104</size>
         <input_file_ref idref="fl-c3"/>
      </object_component>
      <object_component id="oc-bb">
         <name>.debug_str</name>
         <load_address>0xb2a</load_address>
         <run_address>0xb2a</run_address>
         <size>0x13d</size>
         <input_file_ref idref="fl-c3"/>
      </object_component>
      <object_component id="oc-15c">
         <name>.debug_str</name>
         <load_address>0xc67</load_address>
         <run_address>0xc67</run_address>
         <size>0xec</size>
         <input_file_ref idref="fl-d3"/>
      </object_component>
      <object_component id="oc-170">
         <name>.debug_str</name>
         <load_address>0xd53</load_address>
         <run_address>0xd53</run_address>
         <size>0x154</size>
         <input_file_ref idref="fl-d3"/>
      </object_component>
      <object_component id="oc-161">
         <name>.debug_str</name>
         <load_address>0xea7</load_address>
         <run_address>0xea7</run_address>
         <size>0x14d</size>
         <input_file_ref idref="fl-d3"/>
      </object_component>
      <object_component id="oc-166">
         <name>.debug_str</name>
         <load_address>0xff4</load_address>
         <run_address>0xff4</run_address>
         <size>0x194</size>
         <input_file_ref idref="fl-d3"/>
      </object_component>
      <object_component id="oc-c2">
         <name>.debug_aranges</name>
         <load_address>0x0</load_address>
         <run_address>0x0</run_address>
         <size>0x20</size>
         <input_file_ref idref="fl-1"/>
      </object_component>
      <object_component id="oc-9a">
         <name>.debug_aranges</name>
         <load_address>0x20</load_address>
         <run_address>0x20</run_address>
         <size>0x20</size>
         <input_file_ref idref="fl-2"/>
      </object_component>
      <object_component id="oc-ce">
         <name>.debug_aranges</name>
         <load_address>0x40</load_address>
         <run_address>0x40</run_address>
         <size>0xf8</size>
         <input_file_ref idref="fl-4"/>
      </object_component>
      <object_component id="oc-26">
         <name>.debug_aranges</name>
         <load_address>0x138</load_address>
         <run_address>0x138</run_address>
         <size>0x38</size>
         <input_file_ref idref="fl-6"/>
      </object_component>
      <object_component id="oc-c8">
         <name>.debug_aranges</name>
         <load_address>0x170</load_address>
         <run_address>0x170</run_address>
         <size>0x38</size>
         <input_file_ref idref="fl-7"/>
      </object_component>
      <object_component id="oc-46">
         <name>.debug_aranges</name>
         <load_address>0x1a8</load_address>
         <run_address>0x1a8</run_address>
         <size>0x20</size>
         <input_file_ref idref="fl-c3"/>
      </object_component>
      <object_component id="oc-58">
         <name>.debug_aranges</name>
         <load_address>0x1c8</load_address>
         <run_address>0x1c8</run_address>
         <size>0x20</size>
         <input_file_ref idref="fl-ca"/>
      </object_component>
      <object_component id="oc-e4">
         <name>.debug_aranges</name>
         <load_address>0x1e8</load_address>
         <run_address>0x1e8</run_address>
         <size>0x20</size>
         <input_file_ref idref="fl-d3"/>
      </object_component>
      <object_component id="oc-94">
         <name>.debug_aranges</name>
         <load_address>0x208</load_address>
         <run_address>0x208</run_address>
         <size>0x20</size>
         <input_file_ref idref="fl-d4"/>
      </object_component>
      <object_component id="oc-d8">
         <name>.debug_aranges</name>
         <load_address>0x228</load_address>
         <run_address>0x228</run_address>
         <size>0x20</size>
         <input_file_ref idref="fl-d6"/>
      </object_component>
      <object_component id="oc-c3">
         <name>.debug_pubnames</name>
         <load_address>0x0</load_address>
         <run_address>0x0</run_address>
         <size>0x1d</size>
         <input_file_ref idref="fl-1"/>
      </object_component>
      <object_component id="oc-d4">
         <name>.debug_pubnames</name>
         <load_address>0x1d</load_address>
         <run_address>0x1d</run_address>
         <size>0x46</size>
         <input_file_ref idref="fl-2"/>
      </object_component>
      <object_component id="oc-9b">
         <name>.debug_pubnames</name>
         <load_address>0x63</load_address>
         <run_address>0x63</run_address>
         <size>0x1b</size>
         <input_file_ref idref="fl-2"/>
      </object_component>
      <object_component id="oc-cf">
         <name>.debug_pubnames</name>
         <load_address>0x7e</load_address>
         <run_address>0x7e</run_address>
         <size>0x158</size>
         <input_file_ref idref="fl-4"/>
      </object_component>
      <object_component id="oc-11">
         <name>.debug_pubnames</name>
         <load_address>0x1d6</load_address>
         <run_address>0x1d6</run_address>
         <size>0x23</size>
         <input_file_ref idref="fl-6"/>
      </object_component>
      <object_component id="oc-27">
         <name>.debug_pubnames</name>
         <load_address>0x1f9</load_address>
         <run_address>0x1f9</run_address>
         <size>0x4c</size>
         <input_file_ref idref="fl-6"/>
      </object_component>
      <object_component id="oc-c9">
         <name>.debug_pubnames</name>
         <load_address>0x245</load_address>
         <run_address>0x245</run_address>
         <size>0x4a</size>
         <input_file_ref idref="fl-7"/>
      </object_component>
      <object_component id="oc-47">
         <name>.debug_pubnames</name>
         <load_address>0x28f</load_address>
         <run_address>0x28f</run_address>
         <size>0x2e</size>
         <input_file_ref idref="fl-c3"/>
      </object_component>
      <object_component id="oc-23">
         <name>.debug_pubnames</name>
         <load_address>0x2bd</load_address>
         <run_address>0x2bd</run_address>
         <size>0x1e</size>
         <input_file_ref idref="fl-ca"/>
      </object_component>
      <object_component id="oc-59">
         <name>.debug_pubnames</name>
         <load_address>0x2db</load_address>
         <run_address>0x2db</run_address>
         <size>0x26</size>
         <input_file_ref idref="fl-ca"/>
      </object_component>
      <object_component id="oc-e5">
         <name>.debug_pubnames</name>
         <load_address>0x301</load_address>
         <run_address>0x301</run_address>
         <size>0x35</size>
         <input_file_ref idref="fl-d3"/>
      </object_component>
      <object_component id="oc-95">
         <name>.debug_pubnames</name>
         <load_address>0x336</load_address>
         <run_address>0x336</run_address>
         <size>0x27</size>
         <input_file_ref idref="fl-d4"/>
      </object_component>
      <object_component id="oc-d9">
         <name>.debug_pubnames</name>
         <load_address>0x35d</load_address>
         <run_address>0x35d</run_address>
         <size>0x1c</size>
         <input_file_ref idref="fl-d6"/>
      </object_component>
      <object_component id="oc-6e">
         <name>.debug_pubtypes</name>
         <load_address>0x0</load_address>
         <run_address>0x0</run_address>
         <size>0x25c</size>
         <input_file_ref idref="fl-1"/>
      </object_component>
      <object_component id="oc-34">
         <name>.debug_pubtypes</name>
         <load_address>0x25c</load_address>
         <run_address>0x25c</run_address>
         <size>0xed</size>
         <input_file_ref idref="fl-1"/>
      </object_component>
      <object_component id="oc-ab">
         <name>.debug_pubtypes</name>
         <load_address>0x349</load_address>
         <run_address>0x349</run_address>
         <size>0x325</size>
         <input_file_ref idref="fl-1"/>
      </object_component>
      <object_component id="oc-73">
         <name>.debug_pubtypes</name>
         <load_address>0x66e</load_address>
         <run_address>0x66e</run_address>
         <size>0xaa</size>
         <input_file_ref idref="fl-1"/>
      </object_component>
      <object_component id="oc-11d">
         <name>.debug_pubtypes</name>
         <load_address>0x718</load_address>
         <run_address>0x718</run_address>
         <size>0x57</size>
         <input_file_ref idref="fl-2"/>
      </object_component>
      <object_component id="oc-122">
         <name>.debug_pubtypes</name>
         <load_address>0x76f</load_address>
         <run_address>0x76f</run_address>
         <size>0x23</size>
         <input_file_ref idref="fl-2"/>
      </object_component>
      <object_component id="oc-87">
         <name>.debug_pubtypes</name>
         <load_address>0x792</load_address>
         <run_address>0x792</run_address>
         <size>0x48</size>
         <input_file_ref idref="fl-c3"/>
      </object_component>
      <object_component id="oc-b8">
         <name>.debug_pubtypes</name>
         <load_address>0x7da</load_address>
         <run_address>0x7da</run_address>
         <size>0x1d</size>
         <input_file_ref idref="fl-c3"/>
      </object_component>
      <object_component id="oc-159">
         <name>.debug_pubtypes</name>
         <load_address>0x7f7</load_address>
         <run_address>0x7f7</run_address>
         <size>0x32</size>
         <input_file_ref idref="fl-d3"/>
      </object_component>
      <object_component id="oc-16d">
         <name>.debug_pubtypes</name>
         <load_address>0x829</load_address>
         <run_address>0x829</run_address>
         <size>0x30</size>
         <input_file_ref idref="fl-d3"/>
      </object_component>
      <object_component id="oc-15e">
         <name>.debug_pubtypes</name>
         <load_address>0x859</load_address>
         <run_address>0x859</run_address>
         <size>0x2c</size>
         <input_file_ref idref="fl-d3"/>
      </object_component>
      <object_component id="oc-163">
         <name>.debug_pubtypes</name>
         <load_address>0x885</load_address>
         <run_address>0x885</run_address>
         <size>0x50</size>
         <input_file_ref idref="fl-d3"/>
      </object_component>
   </object_component_list>
   <logical_group_list>
      <logical_group id="lg-3" display="no" color="cyan">
         <name>.intvecs</name>
         <load_address>0x0</load_address>
         <run_address>0x0</run_address>
         <size>0x26c</size>
         <contents>
            <object_component_ref idref="oc-f"/>
         </contents>
      </logical_group>
      <logical_group id="lg-4" display="no" color="cyan">
         <name>.text</name>
         <load_address>0x26c</load_address>
         <run_address>0x26c</run_address>
         <size>0x107c</size>
         <contents>
            <object_component_ref idref="oc-cc"/>
            <object_component_ref idref="oc-98"/>
            <object_component_ref idref="oc-c0"/>
            <object_component_ref idref="oc-c6"/>
            <object_component_ref idref="oc-e2"/>
            <object_component_ref idref="oc-56"/>
            <object_component_ref idref="oc-44"/>
            <object_component_ref idref="oc-24"/>
            <object_component_ref idref="oc-92"/>
            <object_component_ref idref="oc-d6"/>
         </contents>
      </logical_group>
      <logical_group id="lg-5" display="no" color="cyan">
         <name>.const</name>
         <run_address>0x0</run_address>
         <size>0x0</size>
         <contents>
         </contents>
      </logical_group>
      <logical_group id="lg-6" display="no" color="cyan">
         <name>.cinit</name>
         <load_address>0x12e8</load_address>
         <run_address>0x12e8</run_address>
         <size>0x14</size>
         <contents>
            <object_component_ref idref="oc-1a1"/>
            <object_component_ref idref="oc-19f"/>
            <object_component_ref idref="oc-1a0"/>
         </contents>
      </logical_group>
      <logical_group id="lg-7" display="no" color="cyan">
         <name>.pinit</name>
         <run_address>0x0</run_address>
         <size>0x0</size>
         <contents>
         </contents>
      </logical_group>
      <logical_group id="lg-8" display="no" color="cyan">
         <name>.init_array</name>
         <run_address>0x0</run_address>
         <size>0x0</size>
         <contents>
         </contents>
      </logical_group>
      <logical_group id="lg-9" display="no" color="cyan">
         <name>.vtable</name>
         <run_address>0x0</run_address>
         <size>0x0</size>
         <contents>
         </contents>
      </logical_group>
      <logical_group id="lg-a" display="no" color="cyan">
         <name>.data</name>
         <run_address>0x0</run_address>
         <size>0x0</size>
         <contents>
         </contents>
      </logical_group>
      <logical_group id="lg-b" display="no" color="cyan">
         <name>.bss</name>
         <run_address>0x20000200</run_address>
         <size>0x1</size>
         <contents>
            <object_component_ref idref="oc-d2"/>
         </contents>
      </logical_group>
      <logical_group id="lg-c" display="no" color="cyan">
         <name>.sysmem</name>
         <run_address>0x0</run_address>
         <size>0x0</size>
         <contents>
         </contents>
      </logical_group>
      <logical_group id="lg-d" display="no" color="cyan">
         <name>.stack</name>
         <run_address>0x20000000</run_address>
         <size>0x200</size>
         <contents>
            <object_component_ref idref="oc-21"/>
            <object_component_ref idref="oc-1a2"/>
         </contents>
      </logical_group>
      <logical_group id="lg-178" display="no" color="cyan">
         <name>.TI.noinit</name>
         <run_address>0x0</run_address>
         <size>0x0</size>
         <contents>
         </contents>
      </logical_group>
      <logical_group id="lg-179" display="no" color="cyan">
         <name>.TI.persistent</name>
         <run_address>0x0</run_address>
         <size>0x0</size>
         <contents>
         </contents>
      </logical_group>
      <logical_group id="lg-187" display="never" color="cyan">
         <name>.debug_info</name>
         <load_address>0x0</load_address>
         <run_address>0x0</run_address>
         <size>0x3885</size>
         <contents>
            <object_component_ref idref="oc-af"/>
            <object_component_ref idref="oc-c1"/>
            <object_component_ref idref="oc-6d"/>
            <object_component_ref idref="oc-33"/>
            <object_component_ref idref="oc-aa"/>
            <object_component_ref idref="oc-72"/>
            <object_component_ref idref="oc-d3"/>
            <object_component_ref idref="oc-99"/>
            <object_component_ref idref="oc-11c"/>
            <object_component_ref idref="oc-121"/>
            <object_component_ref idref="oc-cd"/>
            <object_component_ref idref="oc-2c"/>
            <object_component_ref idref="oc-10"/>
            <object_component_ref idref="oc-25"/>
            <object_component_ref idref="oc-118"/>
            <object_component_ref idref="oc-c7"/>
            <object_component_ref idref="oc-8b"/>
            <object_component_ref idref="oc-45"/>
            <object_component_ref idref="oc-86"/>
            <object_component_ref idref="oc-b7"/>
            <object_component_ref idref="oc-22"/>
            <object_component_ref idref="oc-57"/>
            <object_component_ref idref="oc-131"/>
            <object_component_ref idref="oc-e3"/>
            <object_component_ref idref="oc-158"/>
            <object_component_ref idref="oc-16c"/>
            <object_component_ref idref="oc-15d"/>
            <object_component_ref idref="oc-162"/>
            <object_component_ref idref="oc-93"/>
            <object_component_ref idref="oc-d7"/>
            <object_component_ref idref="oc-1a3"/>
         </contents>
      </logical_group>
      <logical_group id="lg-189" display="never" color="cyan">
         <name>.debug_line</name>
         <load_address>0x0</load_address>
         <run_address>0x0</run_address>
         <size>0x12b1</size>
         <contents>
            <object_component_ref idref="oc-115"/>
            <object_component_ref idref="oc-c4"/>
            <object_component_ref idref="oc-70"/>
            <object_component_ref idref="oc-36"/>
            <object_component_ref idref="oc-ad"/>
            <object_component_ref idref="oc-75"/>
            <object_component_ref idref="oc-11b"/>
            <object_component_ref idref="oc-9c"/>
            <object_component_ref idref="oc-11f"/>
            <object_component_ref idref="oc-124"/>
            <object_component_ref idref="oc-d0"/>
            <object_component_ref idref="oc-6c"/>
            <object_component_ref idref="oc-2b"/>
            <object_component_ref idref="oc-28"/>
            <object_component_ref idref="oc-147"/>
            <object_component_ref idref="oc-ca"/>
            <object_component_ref idref="oc-bd"/>
            <object_component_ref idref="oc-48"/>
            <object_component_ref idref="oc-89"/>
            <object_component_ref idref="oc-ba"/>
            <object_component_ref idref="oc-69"/>
            <object_component_ref idref="oc-5a"/>
            <object_component_ref idref="oc-157"/>
            <object_component_ref idref="oc-e6"/>
            <object_component_ref idref="oc-15b"/>
            <object_component_ref idref="oc-16f"/>
            <object_component_ref idref="oc-160"/>
            <object_component_ref idref="oc-165"/>
            <object_component_ref idref="oc-96"/>
            <object_component_ref idref="oc-da"/>
         </contents>
      </logical_group>
      <logical_group id="lg-18b" display="never" color="cyan">
         <name>.debug_frame</name>
         <load_address>0x0</load_address>
         <run_address>0x0</run_address>
         <size>0x5fc</size>
         <contents>
            <object_component_ref idref="oc-c5"/>
            <object_component_ref idref="oc-9d"/>
            <object_component_ref idref="oc-d1"/>
            <object_component_ref idref="oc-29"/>
            <object_component_ref idref="oc-cb"/>
            <object_component_ref idref="oc-49"/>
            <object_component_ref idref="oc-5b"/>
            <object_component_ref idref="oc-e7"/>
            <object_component_ref idref="oc-97"/>
            <object_component_ref idref="oc-db"/>
         </contents>
      </logical_group>
      <logical_group id="lg-18d" display="never" color="cyan">
         <name>.debug_abbrev</name>
         <load_address>0x0</load_address>
         <run_address>0x0</run_address>
         <size>0x971</size>
         <contents>
            <object_component_ref idref="oc-114"/>
            <object_component_ref idref="oc-116"/>
            <object_component_ref idref="oc-6f"/>
            <object_component_ref idref="oc-35"/>
            <object_component_ref idref="oc-ac"/>
            <object_component_ref idref="oc-74"/>
            <object_component_ref idref="oc-11a"/>
            <object_component_ref idref="oc-d5"/>
            <object_component_ref idref="oc-11e"/>
            <object_component_ref idref="oc-123"/>
            <object_component_ref idref="oc-119"/>
            <object_component_ref idref="oc-6b"/>
            <object_component_ref idref="oc-2a"/>
            <object_component_ref idref="oc-6a"/>
            <object_component_ref idref="oc-146"/>
            <object_component_ref idref="oc-117"/>
            <object_component_ref idref="oc-bc"/>
            <object_component_ref idref="oc-85"/>
            <object_component_ref idref="oc-88"/>
            <object_component_ref idref="oc-b9"/>
            <object_component_ref idref="oc-68"/>
            <object_component_ref idref="oc-a1"/>
            <object_component_ref idref="oc-156"/>
            <object_component_ref idref="oc-130"/>
            <object_component_ref idref="oc-15a"/>
            <object_component_ref idref="oc-16e"/>
            <object_component_ref idref="oc-15f"/>
            <object_component_ref idref="oc-164"/>
            <object_component_ref idref="oc-bf"/>
            <object_component_ref idref="oc-126"/>
            <object_component_ref idref="oc-1a4"/>
         </contents>
      </logical_group>
      <logical_group id="lg-18f" display="never" color="cyan">
         <name>.debug_str</name>
         <load_address>0x0</load_address>
         <run_address>0x0</run_address>
         <size>0x1188</size>
         <contents>
            <object_component_ref idref="oc-71"/>
            <object_component_ref idref="oc-37"/>
            <object_component_ref idref="oc-ae"/>
            <object_component_ref idref="oc-76"/>
            <object_component_ref idref="oc-120"/>
            <object_component_ref idref="oc-125"/>
            <object_component_ref idref="oc-8a"/>
            <object_component_ref idref="oc-bb"/>
            <object_component_ref idref="oc-15c"/>
            <object_component_ref idref="oc-170"/>
            <object_component_ref idref="oc-161"/>
            <object_component_ref idref="oc-166"/>
         </contents>
      </logical_group>
      <logical_group id="lg-191" display="never" color="cyan">
         <name>.debug_aranges</name>
         <load_address>0x0</load_address>
         <run_address>0x0</run_address>
         <size>0x248</size>
         <contents>
            <object_component_ref idref="oc-c2"/>
            <object_component_ref idref="oc-9a"/>
            <object_component_ref idref="oc-ce"/>
            <object_component_ref idref="oc-26"/>
            <object_component_ref idref="oc-c8"/>
            <object_component_ref idref="oc-46"/>
            <object_component_ref idref="oc-58"/>
            <object_component_ref idref="oc-e4"/>
            <object_component_ref idref="oc-94"/>
            <object_component_ref idref="oc-d8"/>
         </contents>
      </logical_group>
      <logical_group id="lg-193" display="never" color="cyan">
         <name>.debug_pubnames</name>
         <load_address>0x0</load_address>
         <run_address>0x0</run_address>
         <size>0x379</size>
         <contents>
            <object_component_ref idref="oc-c3"/>
            <object_component_ref idref="oc-d4"/>
            <object_component_ref idref="oc-9b"/>
            <object_component_ref idref="oc-cf"/>
            <object_component_ref idref="oc-11"/>
            <object_component_ref idref="oc-27"/>
            <object_component_ref idref="oc-c9"/>
            <object_component_ref idref="oc-47"/>
            <object_component_ref idref="oc-23"/>
            <object_component_ref idref="oc-59"/>
            <object_component_ref idref="oc-e5"/>
            <object_component_ref idref="oc-95"/>
            <object_component_ref idref="oc-d9"/>
         </contents>
      </logical_group>
      <logical_group id="lg-195" display="never" color="cyan">
         <name>.debug_pubtypes</name>
         <load_address>0x0</load_address>
         <run_address>0x0</run_address>
         <size>0x8d5</size>
         <contents>
            <object_component_ref idref="oc-6e"/>
            <object_component_ref idref="oc-34"/>
            <object_component_ref idref="oc-ab"/>
            <object_component_ref idref="oc-73"/>
            <object_component_ref idref="oc-11d"/>
            <object_component_ref idref="oc-122"/>
            <object_component_ref idref="oc-87"/>
            <object_component_ref idref="oc-b8"/>
            <object_component_ref idref="oc-159"/>
            <object_component_ref idref="oc-16d"/>
            <object_component_ref idref="oc-15e"/>
            <object_component_ref idref="oc-163"/>
         </contents>
      </logical_group>
      <load_segment id="lg-1a5" display="no" color="cyan">
         <name>SEGMENT_0</name>
         <load_address>0x0</load_address>
         <run_address>0x0</run_address>
         <size>0x12fc</size>
         <flags>0x5</flags>
         <contents>
            <logical_group_ref idref="lg-3"/>
            <logical_group_ref idref="lg-4"/>
            <logical_group_ref idref="lg-6"/>
         </contents>
      </load_segment>
      <load_segment id="lg-1a6" display="no" color="cyan">
         <name>SEGMENT_1</name>
         <run_address>0x20000000</run_address>
         <size>0x201</size>
         <flags>0x6</flags>
         <contents>
            <logical_group_ref idref="lg-d"/>
            <logical_group_ref idref="lg-b"/>
         </contents>
      </load_segment>
   </logical_group_list>
   <placement_map>
      <memory_area display="yes" color="green">
         <name>FLASH</name>
         <page_id>0x0</page_id>
         <origin>0x0</origin>
         <length>0x40000</length>
         <used_space>0x12fc</used_space>
         <unused_space>0x3ed04</unused_space>
         <attributes>RX</attributes>
         <usage_details>
            <allocated_space>
               <start_address>0x0</start_address>
               <size>0x26c</size>
               <logical_group_ref idref="lg-3"/>
            </allocated_space>
            <allocated_space>
               <start_address>0x26c</start_address>
               <size>0x107c</size>
               <logical_group_ref idref="lg-4"/>
            </allocated_space>
            <allocated_space>
               <start_address>0x12e8</start_address>
               <size>0x14</size>
               <logical_group_ref idref="lg-6"/>
            </allocated_space>
            <available_space>
               <start_address>0x12fc</start_address>
               <size>0x3ed04</size>
            </available_space>
         </usage_details>
      </memory_area>
      <memory_area display="yes" color="green">
         <name>SRAM</name>
         <page_id>0x0</page_id>
         <origin>0x20000000</origin>
         <length>0x8000</length>
         <used_space>0x201</used_space>
         <unused_space>0x7dff</unused_space>
         <attributes>RWX</attributes>
         <usage_details>
            <allocated_space>
               <start_address>0x20000000</start_address>
               <size>0x200</size>
               <logical_group_ref idref="lg-d"/>
            </allocated_space>
            <allocated_space>
               <start_address>0x20000200</start_address>
               <size>0x1</size>
               <logical_group_ref idref="lg-b"/>
            </allocated_space>
            <available_space>
               <start_address>0x20000201</start_address>
               <size>0x7dff</size>
            </available_space>
         </usage_details>
      </memory_area>
   </placement_map>
   <cptbl_list>
      <cptbl>
         <name>__TI_cinit_table</name>
         <cprec>
            <name>.bss</name>
            <load_address>0x12e8</load_address>
            <load_size>0x8</load_size>
            <run_address>0x20000200</run_address>
            <run_size>0x1</run_size>
            <compression>zero_init</compression>
         </cprec>
      </cptbl>
   </cptbl_list>
   <handler_table>
      <handler_table_name>__TI_handler_table</handler_table_name>
      <handler>
         <index>0x0</index>
         <name>__TI_zero_init</name>
      </handler>
   </handler_table>
   <symbol_table>
      <symbol id="sm-1">
         <name>__STACK_TOP</name>
         <value>0x20000200</value>
      </symbol>
      <symbol id="sm-2">
         <name>__TI_CINIT_Base</name>
         <value>0x12f4</value>
      </symbol>
      <symbol id="sm-3">
         <name>__TI_CINIT_Limit</name>
         <value>0x12fc</value>
      </symbol>
      <symbol id="sm-4">
         <name>__TI_Handler_Table_Base</name>
         <value>0x12f0</value>
      </symbol>
      <symbol id="sm-5">
         <name>__TI_Handler_Table_Limit</name>
         <value>0x12f4</value>
      </symbol>
      <symbol id="sm-6">
         <name>binit</name>
         <value>0xffffffff</value>
      </symbol>
      <symbol id="sm-7">
         <name>__binit__</name>
         <value>0xffffffff</value>
      </symbol>
      <symbol id="sm-8">
         <name>__STACK_SIZE</name>
         <value>0x200</value>
      </symbol>
      <symbol id="sm-9">
         <name>__STACK_END</name>
         <value>0x20000200</value>
      </symbol>
      <symbol id="sm-a">
         <name>__c_args__</name>
         <value>0xffffffff</value>
      </symbol>
      <symbol id="sm-b">
         <name>__TI_pprof_out_hndl</name>
         <value>0xffffffff</value>
      </symbol>
      <symbol id="sm-c">
         <name>__TI_prof_data_start</name>
         <value>0xffffffff</value>
      </symbol>
      <symbol id="sm-d">
         <name>__TI_prof_data_size</name>
         <value>0xffffffff</value>
      </symbol>
      <symbol id="sm-65">
         <name>initHw</name>
         <value>0xfb9</value>
         <object_component_ref idref="oc-c0"/>
      </symbol>
      <symbol id="sm-9c">
         <name>checking</name>
         <value>0x20000200</value>
      </symbol>
      <symbol id="sm-9d">
         <name>main</name>
         <value>0xda1</value>
         <object_component_ref idref="oc-98"/>
      </symbol>
      <symbol id="sm-136">
         <name>alloff</name>
         <value>0x26d</value>
         <object_component_ref idref="oc-cc"/>
      </symbol>
      <symbol id="sm-137">
         <name>z</name>
         <value>0x341</value>
         <object_component_ref idref="oc-cc"/>
      </symbol>
      <symbol id="sm-138">
         <name>y</name>
         <value>0xcf5</value>
         <object_component_ref idref="oc-cc"/>
      </symbol>
      <symbol id="sm-139">
         <name>x</name>
         <value>0xcb1</value>
         <object_component_ref idref="oc-cc"/>
      </symbol>
      <symbol id="sm-13a">
         <name>w</name>
         <value>0xc49</value>
         <object_component_ref idref="oc-cc"/>
      </symbol>
      <symbol id="sm-13b">
         <name>v</name>
         <value>0xc19</value>
         <object_component_ref idref="oc-cc"/>
      </symbol>
      <symbol id="sm-13c">
         <name>u</name>
         <value>0xbbd</value>
         <object_component_ref idref="oc-cc"/>
      </symbol>
      <symbol id="sm-13d">
         <name>t</name>
         <value>0xb9b</value>
         <object_component_ref idref="oc-cc"/>
      </symbol>
      <symbol id="sm-13e">
         <name>s</name>
         <value>0xafd</value>
         <object_component_ref idref="oc-cc"/>
      </symbol>
      <symbol id="sm-13f">
         <name>r</name>
         <value>0xac7</value>
         <object_component_ref idref="oc-cc"/>
      </symbol>
      <symbol id="sm-140">
         <name>q</name>
         <value>0xaad</value>
         <object_component_ref idref="oc-cc"/>
      </symbol>
      <symbol id="sm-141">
         <name>p</name>
         <value>0xa45</value>
         <object_component_ref idref="oc-cc"/>
      </symbol>
      <symbol id="sm-142">
         <name>o</name>
         <value>0x9ff</value>
         <object_component_ref idref="oc-cc"/>
      </symbol>
      <symbol id="sm-143">
         <name>n</name>
         <value>0x4df</value>
         <object_component_ref idref="oc-cc"/>
      </symbol>
      <symbol id="sm-144">
         <name>m</name>
         <value>0x99d</value>
         <object_component_ref idref="oc-cc"/>
      </symbol>
      <symbol id="sm-145">
         <name>l</name>
         <value>0x95f</value>
         <object_component_ref idref="oc-cc"/>
      </symbol>
      <symbol id="sm-146">
         <name>k</name>
         <value>0x90f</value>
         <object_component_ref idref="oc-cc"/>
      </symbol>
      <symbol id="sm-147">
         <name>j</name>
         <value>0x901</value>
         <object_component_ref idref="oc-cc"/>
      </symbol>
      <symbol id="sm-148">
         <name>i</name>
         <value>0x8a5</value>
         <object_component_ref idref="oc-cc"/>
      </symbol>
      <symbol id="sm-149">
         <name>h</name>
         <value>0x3a3</value>
         <object_component_ref idref="oc-cc"/>
      </symbol>
      <symbol id="sm-14a">
         <name>g</name>
         <value>0x849</value>
         <object_component_ref idref="oc-cc"/>
      </symbol>
      <symbol id="sm-14b">
         <name>f</name>
         <value>0x7ed</value>
         <object_component_ref idref="oc-cc"/>
      </symbol>
      <symbol id="sm-14c">
         <name>e</name>
         <value>0x779</value>
         <object_component_ref idref="oc-cc"/>
      </symbol>
      <symbol id="sm-14d">
         <name>d</name>
         <value>0x719</value>
         <object_component_ref idref="oc-cc"/>
      </symbol>
      <symbol id="sm-14e">
         <name>c</name>
         <value>0x675</value>
         <object_component_ref idref="oc-cc"/>
      </symbol>
      <symbol id="sm-14f">
         <name>b</name>
         <value>0x5af</value>
         <object_component_ref idref="oc-cc"/>
      </symbol>
      <symbol id="sm-150">
         <name>a</name>
         <value>0x541</value>
         <object_component_ref idref="oc-cc"/>
      </symbol>
      <symbol id="sm-151">
         <name>allon</name>
         <value>0x40b</value>
         <object_component_ref idref="oc-cc"/>
      </symbol>
      <symbol id="sm-16e">
         <name>ResetISR</name>
         <value>0x12d5</value>
         <object_component_ref idref="oc-24"/>
      </symbol>
      <symbol id="sm-16f">
         <name>g_pfnVectors</name>
         <value>0x0</value>
         <object_component_ref idref="oc-f"/>
      </symbol>
      <symbol id="sm-195">
         <name>getcUart0</name>
         <value>0x11e7</value>
         <object_component_ref idref="oc-c6"/>
      </symbol>
      <symbol id="sm-196">
         <name>putsUart0</name>
         <value>0x11bb</value>
         <object_component_ref idref="oc-c6"/>
      </symbol>
      <symbol id="sm-197">
         <name>initUart0</name>
         <value>0x1111</value>
         <object_component_ref idref="oc-c6"/>
      </symbol>
      <symbol id="sm-198">
         <name>putcUart0</name>
         <value>0x119f</value>
         <object_component_ref idref="oc-c6"/>
      </symbol>
      <symbol id="sm-1b3">
         <name>__TI_zero_init_nomemset</name>
         <value>0x12b9</value>
         <object_component_ref idref="oc-44"/>
      </symbol>
      <symbol id="sm-1cc">
         <name>__stack</name>
         <value>0x20000000</value>
         <object_component_ref idref="oc-21"/>
      </symbol>
      <symbol id="sm-1cd">
         <name>_c_int00_noargs</name>
         <value>0x1285</value>
         <object_component_ref idref="oc-56"/>
      </symbol>
      <symbol id="sm-1fd">
         <name>__TI_auto_init_nobinit_nopinit</name>
         <value>0x1241</value>
         <object_component_ref idref="oc-e2"/>
      </symbol>
      <symbol id="sm-207">
         <name>_system_pre_init</name>
         <value>0x12e1</value>
         <object_component_ref idref="oc-92"/>
      </symbol>
      <symbol id="sm-213">
         <name>C$$EXIT</name>
         <value>0x12e5</value>
         <object_component_ref idref="oc-d6"/>
      </symbol>
      <symbol id="sm-214">
         <name>abort</name>
         <value>0x12e5</value>
         <object_component_ref idref="oc-d6"/>
      </symbol>
      <symbol id="sm-218">
         <name>__TI_static_base__</name>
         <value>0x0</value>
      </symbol>
      <symbol id="sm-21a">
         <name>__mpu_init</name>
         <value>0x0</value>
      </symbol>
      <symbol id="sm-21b">
         <name>_system_post_cinit</name>
         <value>0x0</value>
      </symbol>
   </symbol_table>
   <title>Link successful</title>
</link_info>
